gb_timer_input_capture.c:12:6:T4C1_pin_conf	4	static
gb_timer_input_capture.c:21:6:tim4_ch1_capture_config	4	static
gb_timer_input_capture.c:29:6:tim4_ch1_capture_unconfig	4	static
gb_timer_input_capture.c:36:6:gb_t4_input_capture	8	static
gb_timer_input_capture.c:143:5:gb_t4_calculate	4	static
gb_timer_input_capture.c:158:6:TIM4_IRQHandler	8	static
gb_timer_input_capture.c:186:7:TIM4_getPeriod	4	static
gb_timer_input_capture.c:191:7:TIM4_getwidth	4	static
gb_timer_input_capture.c:196:7:TIM4_getFrequency	4	static
gb_timer_input_capture.c:202:6:TIM4_setPeriod	16	static
gb_timer_input_capture.c:211:6:T1C1_pin_conf	4	static
gb_timer_input_capture.c:220:6:tim1_ch1_capture_config	4	static
gb_timer_input_capture.c:228:6:tim1_ch1_capture_unconfig	4	static
gb_timer_input_capture.c:235:6:gb_t1_input_capture	8	static
gb_timer_input_capture.c:351:6:TIM1_CC_IRQHandler	8	static
gb_timer_input_capture.c:379:7:TIM1_getPeriod	4	static
gb_timer_input_capture.c:384:7:TIM1_getwidth	4	static
gb_timer_input_capture.c:389:7:TIM1_getFrequency	4	static
gb_timer_input_capture.c:395:6:TIM1_setPeriod	16	static
