hlw8012_baremetal.c:38:10:hlw8012_getcurrent_multiplier	4	static
hlw8012_baremetal.c:39:12:hlw8012_getvoltage_multiplier	4	static
hlw8012_baremetal.c:41:8:hlw8012_getpower_multiplier	4	static
hlw8012_baremetal.c:45:6:hlw8012_sel_high_current	4	static
hlw8012_baremetal.c:50:6:hlw8012_sel_low_volatge	4	static
hlw8012_baremetal.c:60:6:hlw8012_pins_config	4	static
hlw8012_baremetal.c:87:6:hlw8012_config	8	static
hlw8012_baremetal.c:92:6:gb_unblockingDelay	24	static
hlw8012_baremetal.c:98:7:hlw8012_getcurrent	16	static
hlw8012_baremetal.c:117:7:pulseIN_current	16	static
hlw8012_baremetal.c:134:7:hlw8012_getvoltage	16	static
hlw8012_baremetal.c:142:7:pulseIN_voltage	16	static
hlw8012_baremetal.c:157:7:pulseIN_power	16	static
hlw8012_baremetal.c:171:7:hlw8012_getactivepower	16	static
hlw8012_baremetal.c:177:6:hlw8012_expected_ActiveCurrent	16	static
hlw8012_baremetal.c:182:6:hlw8012_expected_Activevoltage	16	static
hlw8012_baremetal.c:187:6:hlw8012_expected_Activepower	24	static
hlw8012_baremetal.c:192:6:hlw8012_calculate_default_multiplier	8	static
hlw8012_baremetal.c:199:6:hlw8012_setResistors	24	static
hlw8012_baremetal.c:207:6:hlw8012_calibrate	8	static
