gb_i2c.c:13:6:gb_i2c2_pin_config	4	static
gb_i2c.c:31:6:gb_i2c2_master_init	8	static
gb_i2c.c:58:6:gb_i2c2_start_condition_w	4	static
gb_i2c.c:65:6:gb_i2c2_start_condition_r	4	static
gb_i2c.c:78:6:gb_i2c2_address_send_w	16	static
gb_i2c.c:92:6:gb_i2c2_master_send_byte	16	static
gb_i2c.c:99:5:gb_i2c2_address_send_r	16	static
gb_i2c.c:136:6:gb_i2c2_master_receive_2_bytes	16	static
gb_i2c.c:158:9:gb_i2c2_master_receive_byte	16	static
gb_i2c.c:175:6:gb_i2c2_master_stop_generation	4	static
gb_i2c.c:183:6:gb_i2c1_pin_config	4	static
gb_i2c.c:203:6:gb_i2c1_master_init	8	static
gb_i2c.c:230:6:gb_i2c1_start_condition_w	4	static
gb_i2c.c:237:6:gb_i2c1_start_condition_r	4	static
gb_i2c.c:250:6:gb_i2c1_address_send_w	16	static
gb_i2c.c:264:6:gb_i2c1_master_send_byte	16	static
gb_i2c.c:271:5:gb_i2c1_address_send_r	16	static
gb_i2c.c:308:6:gb_i2c1_master_receive_2_bytes	16	static
gb_i2c.c:324:9:gb_i2c1_master_receive_byte	16	static
gb_i2c.c:341:6:gb_i2c1_master_stop_generation	4	static
