gb_ssd1306.c:199:6:ssd1306_init	8	static
gb_ssd1306.c:253:6:ssd1306_sendcommand	16	static
gb_ssd1306.c:263:6:ssd1306_senddata	16	static
gb_ssd1306.c:272:6:ssd1306_update_data	16	static
gb_ssd1306.c:301:6:ssd1306_SetCursor	16	static
gb_ssd1306.c:320:6:ssd1306_GotoXY	16	static
gb_ssd1306.c:326:6:ssd1306_GoToNextLine	8	static
gb_ssd1306.c:339:6:ssd1306_clear	16	static
gb_ssd1306.c:343:6:ssd1306_bitmap	16	static
gb_ssd1306.c:351:6:ssd1306_draw_pixel	16	static
gb_ssd1306.c:369:6:ssd1306_toggle_invert	16	static
gb_ssd1306.c:384:6:ssd1306_print_char	24	static
gb_ssd1306.c:409:6:ssd1306_print_string	16	static
gb_ssd1306.c:419:6:ssd1306_print_binary	24	static
gb_ssd1306.c:434:6:ssd1306_print_decimel	24	static
gb_ssd1306.c:454:6:ssd1306_float	40	static
gb_ssd1306.c:462:6:ssd1306_fill_byte	24	static
gb_ssd1306.c:478:6:ssd1306_DrawLineV	40	static
gb_ssd1306.c:499:6:ssd1306_DrawLineH	40	static
gb_ssd1306.c:514:6:ssd1306_drawRectangle	24	static
gb_ssd1306.c:527:6:ssd1306_drawRectangleFill	32	static
