GB_uart.c:15:6:GB_uart_pin_conf1	4	static
GB_uart.c:34:6:GB_uart_boud_rate1	4	static
GB_uart.c:46:6:GB_uart_init1	8	static
GB_uart.c:70:6:GB_UART_TxChar1	16	static
GB_uart.c:76:10:GB_UART_RxChar1	4	static
GB_uart.c:80:11:GB_UART_RxChar2	4	static
GB_uart.c:85:6:GB_printString1	16	static
GB_uart.c:92:6:GB_bit1	24	static
GB_uart.c:107:6:GB_decimel1	24	static
GB_uart.c:126:6:GB_uart_newline1	8	static
GB_uart.c:130:6:GB_uart_rec1	24	static
GB_uart.c:151:6:GB_float_value1	32	static
GB_uart.c:162:6:GB_uart_pin_conf2	4	static
GB_uart.c:181:6:GB_uart_boud_rate2	4	static
GB_uart.c:191:6:GB_uart_init2	8	static
GB_uart.c:215:6:GB_UART_TxChar2	16	static
GB_uart.c:222:6:GB_printString2	16	static
GB_uart.c:229:6:GB_bit2	24	static
GB_uart.c:244:6:GB_decimel2	24	static
GB_uart.c:263:6:GB_uart_newline2	8	static
GB_uart.c:267:6:GB_uart_rec2	24	static
GB_uart.c:290:6:GB_float_value2	32	static
