Archive member included to satisfy reference by file (symbol)

c:/program files/stm32 sdk/stm32cube/stm32cubeide_1.5.0/stm32cubeide/plugins/com.st.stm32cube.ide.mcu.externaltools.gnu-tools-for-stm32.7-2018-q2-update.win32_1.5.0.202011040924/tools/bin/../lib/gcc/arm-none-eabi/7.3.1/../../../../arm-none-eabi/lib/thumb/v7-m\libc_nano.a(lib_a-errno.o)
                              Src/syscalls.o (__errno)
c:/program files/stm32 sdk/stm32cube/stm32cubeide_1.5.0/stm32cubeide/plugins/com.st.stm32cube.ide.mcu.externaltools.gnu-tools-for-stm32.7-2018-q2-update.win32_1.5.0.202011040924/tools/bin/../lib/gcc/arm-none-eabi/7.3.1/../../../../arm-none-eabi/lib/thumb/v7-m\libc_nano.a(lib_a-exit.o)
                              c:/program files/stm32 sdk/stm32cube/stm32cubeide_1.5.0/stm32cubeide/plugins/com.st.stm32cube.ide.mcu.externaltools.gnu-tools-for-stm32.7-2018-q2-update.win32_1.5.0.202011040924/tools/bin/../lib/gcc/arm-none-eabi/7.3.1/../../../../arm-none-eabi/lib/thumb/v7-m/crt0.o (exit)
c:/program files/stm32 sdk/stm32cube/stm32cubeide_1.5.0/stm32cubeide/plugins/com.st.stm32cube.ide.mcu.externaltools.gnu-tools-for-stm32.7-2018-q2-update.win32_1.5.0.202011040924/tools/bin/../lib/gcc/arm-none-eabi/7.3.1/../../../../arm-none-eabi/lib/thumb/v7-m\libc_nano.a(lib_a-impure.o)
                              c:/program files/stm32 sdk/stm32cube/stm32cubeide_1.5.0/stm32cubeide/plugins/com.st.stm32cube.ide.mcu.externaltools.gnu-tools-for-stm32.7-2018-q2-update.win32_1.5.0.202011040924/tools/bin/../lib/gcc/arm-none-eabi/7.3.1/../../../../arm-none-eabi/lib/thumb/v7-m\libc_nano.a(lib_a-exit.o) (_global_impure_ptr)
c:/program files/stm32 sdk/stm32cube/stm32cubeide_1.5.0/stm32cubeide/plugins/com.st.stm32cube.ide.mcu.externaltools.gnu-tools-for-stm32.7-2018-q2-update.win32_1.5.0.202011040924/tools/bin/../lib/gcc/arm-none-eabi/7.3.1/../../../../arm-none-eabi/lib/thumb/v7-m\libc_nano.a(lib_a-init.o)
                              c:/program files/stm32 sdk/stm32cube/stm32cubeide_1.5.0/stm32cubeide/plugins/com.st.stm32cube.ide.mcu.externaltools.gnu-tools-for-stm32.7-2018-q2-update.win32_1.5.0.202011040924/tools/bin/../lib/gcc/arm-none-eabi/7.3.1/../../../../arm-none-eabi/lib/thumb/v7-m/crt0.o (__libc_init_array)
c:/program files/stm32 sdk/stm32cube/stm32cubeide_1.5.0/stm32cubeide/plugins/com.st.stm32cube.ide.mcu.externaltools.gnu-tools-for-stm32.7-2018-q2-update.win32_1.5.0.202011040924/tools/bin/../lib/gcc/arm-none-eabi/7.3.1/../../../../arm-none-eabi/lib/thumb/v7-m\libc_nano.a(lib_a-memset.o)
                              c:/program files/stm32 sdk/stm32cube/stm32cubeide_1.5.0/stm32cubeide/plugins/com.st.stm32cube.ide.mcu.externaltools.gnu-tools-for-stm32.7-2018-q2-update.win32_1.5.0.202011040924/tools/bin/../lib/gcc/arm-none-eabi/7.3.1/../../../../arm-none-eabi/lib/thumb/v7-m/crt0.o (memset)
c:/program files/stm32 sdk/stm32cube/stm32cubeide_1.5.0/stm32cubeide/plugins/com.st.stm32cube.ide.mcu.externaltools.gnu-tools-for-stm32.7-2018-q2-update.win32_1.5.0.202011040924/tools/bin/../lib/gcc/arm-none-eabi/7.3.1/../../../../arm-none-eabi/lib/thumb/v7-m\libc_nano.a(lib_a-puts.o)
                              Src/main.o (puts)
c:/program files/stm32 sdk/stm32cube/stm32cubeide_1.5.0/stm32cubeide/plugins/com.st.stm32cube.ide.mcu.externaltools.gnu-tools-for-stm32.7-2018-q2-update.win32_1.5.0.202011040924/tools/bin/../lib/gcc/arm-none-eabi/7.3.1/../../../../arm-none-eabi/lib/thumb/v7-m\libc_nano.a(lib_a-wbuf.o)
                              c:/program files/stm32 sdk/stm32cube/stm32cubeide_1.5.0/stm32cubeide/plugins/com.st.stm32cube.ide.mcu.externaltools.gnu-tools-for-stm32.7-2018-q2-update.win32_1.5.0.202011040924/tools/bin/../lib/gcc/arm-none-eabi/7.3.1/../../../../arm-none-eabi/lib/thumb/v7-m\libc_nano.a(lib_a-puts.o) (__swbuf_r)
c:/program files/stm32 sdk/stm32cube/stm32cubeide_1.5.0/stm32cubeide/plugins/com.st.stm32cube.ide.mcu.externaltools.gnu-tools-for-stm32.7-2018-q2-update.win32_1.5.0.202011040924/tools/bin/../lib/gcc/arm-none-eabi/7.3.1/../../../../arm-none-eabi/lib/thumb/v7-m\libc_nano.a(lib_a-wsetup.o)
                              c:/program files/stm32 sdk/stm32cube/stm32cubeide_1.5.0/stm32cubeide/plugins/com.st.stm32cube.ide.mcu.externaltools.gnu-tools-for-stm32.7-2018-q2-update.win32_1.5.0.202011040924/tools/bin/../lib/gcc/arm-none-eabi/7.3.1/../../../../arm-none-eabi/lib/thumb/v7-m\libc_nano.a(lib_a-puts.o) (__swsetup_r)
c:/program files/stm32 sdk/stm32cube/stm32cubeide_1.5.0/stm32cubeide/plugins/com.st.stm32cube.ide.mcu.externaltools.gnu-tools-for-stm32.7-2018-q2-update.win32_1.5.0.202011040924/tools/bin/../lib/gcc/arm-none-eabi/7.3.1/../../../../arm-none-eabi/lib/thumb/v7-m\libc_nano.a(lib_a-fflush.o)
                              c:/program files/stm32 sdk/stm32cube/stm32cubeide_1.5.0/stm32cubeide/plugins/com.st.stm32cube.ide.mcu.externaltools.gnu-tools-for-stm32.7-2018-q2-update.win32_1.5.0.202011040924/tools/bin/../lib/gcc/arm-none-eabi/7.3.1/../../../../arm-none-eabi/lib/thumb/v7-m\libc_nano.a(lib_a-wbuf.o) (_fflush_r)
[...]
Memory Configuration

Name             Origin             Length             Attributes
RAM              0x0000000020000000 0x0000000000005000 xrw
FLASH            0x0000000008000000 0x0000000000010000 xr
*default*        0x0000000000000000 0xffffffffffffffff

Linker script and memory map

LOAD c:/program files/stm32 sdk/stm32cube/stm32cubeide_1.5.0/stm32cubeide/plugins/com.st.stm32cube.ide.mcu.externaltools.gnu-tools-for-stm32.7-2018-q2-update.win32_1.5.0.202011040924/tools/bin/../lib/gcc/arm-none-eabi/7.3.1/thumb/v7-m/crti.o
LOAD c:/program files/stm32 sdk/stm32cube/stm32cubeide_1.5.0/stm32cubeide/plugins/com.st.stm32cube.ide.mcu.externaltools.gnu-tools-for-stm32.7-2018-q2-update.win32_1.5.0.202011040924/tools/bin/../lib/gcc/arm-none-eabi/7.3.1/thumb/v7-m/crtbegin.o
LOAD c:/program files/stm32 sdk/stm32cube/stm32cubeide_1.5.0/stm32cubeide/plugins/com.st.stm32cube.ide.mcu.externaltools.gnu-tools-for-stm32.7-2018-q2-update.win32_1.5.0.202011040924/tools/bin/../lib/gcc/arm-none-eabi/7.3.1/../../../../arm-none-eabi/lib/thumb/v7-m/crt0.o
LOAD Src/gpio.o
LOAD Src/i2c.o
LOAD Src/main.o
LOAD Src/rcc.o
LOAD Src/syscalls.o
LOAD Src/sysmem.o
LOAD Src/system_stm32f1xx.o
LOAD Src/t_delay.o
LOAD Src/uart.o
LOAD Startup/startup_stm32f103c8tx.o
START GROUP
LOAD c:/program files/stm32 sdk/stm32cube/stm32cubeide_1.5.0/stm32cubeide/plugins/com.st.stm32cube.ide.mcu.externaltools.gnu-tools-for-stm32.7-2018-q2-update.win32_1.5.0.202011040924/tools/bin/../lib/gcc/arm-none-eabi/7.3.1/../../../../arm-none-eabi/lib/thumb/v7-m\libc_nano.a
LOAD c:/program files/stm32 sdk/stm32cube/stm32cubeide_1.5.0/stm32cubeide/plugins/com.st.stm32cube.ide.mcu.externaltools.gnu-tools-for-stm32.7-2018-q2-update.win32_1.5.0.202011040924/tools/bin/../lib/gcc/arm-none-eabi/7.3.1/../../../../arm-none-eabi/lib/thumb/v7-m\libm.a
END GROUP
START GROUP
LOAD c:/program files/stm32 sdk/stm32cube/stm32cubeide_1.5.0/stm32cubeide/plugins/com.st.stm32cube.ide.mcu.externaltools.gnu-tools-for-stm32.7-2018-q2-update.win32_1.5.0.202011040924/tools/bin/../lib/gcc/arm-none-eabi/7.3.1/thumb/v7-m\libgcc.a
LOAD c:/program files/stm32 sdk/stm32cube/stm32cubeide_1.5.0/stm32cubeide/plugins/com.st.stm32cube.ide.mcu.externaltools.gnu-tools-for-stm32.7-2018-q2-update.win32_1.5.0.202011040924/tools/bin/../lib/gcc/arm-none-eabi/7.3.1/../../../../arm-none-eabi/lib/thumb/v7-m\libc_nano.a
END GROUP
START GROUP
LOAD c:/program files/stm32 sdk/stm32cube/stm32cubeide_1.5.0/stm32cubeide/plugins/com.st.stm32cube.ide.mcu.externaltools.gnu-tools-for-stm32.7-2018-q2-update.win32_1.5.0.202011040924/tools/bin/../lib/gcc/arm-none-eabi/7.3.1/thumb/v7-m\libgcc.a
LOAD c:/program files/stm32 sdk/stm32cube/stm32cubeide_1.5.0/stm32cubeide/plugins/com.st.stm32cube.ide.mcu.externaltools.gnu-tools-for-stm32.7-2018-q2-update.win32_1.5.0.202011040924/tools/bin/../lib/gcc/arm-none-eabi/7.3.1/../../../../arm-none-eabi/lib/thumb/v7-m\libc_nano.a
LOAD c:/program files/stm32 sdk/stm32cube/stm32cubeide_1.5.0/stm32cubeide/plugins/com.st.stm32cube.ide.mcu.externaltools.gnu-tools-for-stm32.7-2018-q2-update.win32_1.5.0.202011040924/tools/bin/../lib/gcc/arm-none-eabi/7.3.1/../../../../arm-none-eabi/lib/thumb/v7-m\libnosys.a
END GROUP
START GROUP
LOAD c:/program files/stm32 sdk/stm32cube/stm32cubeide_1.5.0/stm32cubeide/plugins/com.st.stm32cube.ide.mcu.externaltools.gnu-tools-for-stm32.7-2018-q2-update.win32_1.5.0.202011040924/tools/bin/../lib/gcc/arm-none-eabi/7.3.1/thumb/v7-m\libgcc.a
LOAD c:/program files/stm32 sdk/stm32cube/stm32cubeide_1.5.0/stm32cubeide/plugins/com.st.stm32cube.ide.mcu.externaltools.gnu-tools-for-stm32.7-2018-q2-update.win32_1.5.0.202011040924/tools/bin/../lib/gcc/arm-none-eabi/7.3.1/../../../../arm-none-eabi/lib/thumb/v7-m\libc_nano.a
LOAD c:/program files/stm32 sdk/stm32cube/stm32cubeide_1.5.0/stm32cubeide/plugins/com.st.stm32cube.ide.mcu.externaltools.gnu-tools-for-stm32.7-2018-q2-update.win32_1.5.0.202011040924/tools/bin/../lib/gcc/arm-none-eabi/7.3.1/../../../../arm-none-eabi/lib/thumb/v7-m\libnosys.a
END GROUP
LOAD c:/program files/stm32 sdk/stm32cube/stm32cubeide_1.5.0/stm32cubeide/plugins/com.st.stm32cube.ide.mcu.externaltools.gnu-tools-for-stm32.7-2018-q2-update.win32_1.5.0.202011040924/tools/bin/../lib/gcc/arm-none-eabi/7.3.1/thumb/v7-m/crtend.o
LOAD c:/program files/stm32 sdk/stm32cube/stm32cubeide_1.5.0/stm32cubeide/plugins/com.st.stm32cube.ide.mcu.externaltools.gnu-tools-for-stm32.7-2018-q2-update.win32_1.5.0.202011040924/tools/bin/../lib/gcc/arm-none-eabi/7.3.1/thumb/v7-m/crtn.o
                0x0000000020005000                _estack = (ORIGIN (RAM) + LENGTH (RAM))
                0x0000000000000200                _Min_Heap_Size = 0x200
                0x0000000000000400                _Min_Stack_Size = 0x400

.isr_vector     0x0000000008000000      0x130
                0x0000000008000000                . = ALIGN (0x4)
 *(.isr_vector)
 .isr_vector    0x0000000008000000      0x130 Startup/startup_stm32f103c8tx.o
                0x0000000008000000                g_pfnVectors
                0x0000000008000130                . = ALIGN (0x4)

.text           0x0000000008000130     0x109c
                0x0000000008000130                . = ALIGN (0x4)
 *(.text)
 .text          0x0000000008000130       0x40 c:/program files/stm32 sdk/stm32cube/stm32cubeide_1.5.0/stm32cubeide/plugins/com.st.stm32cube.ide.mcu.externaltools.gnu-tools-for-stm32.7-2018-q2-update.win32_1.5.0.202011040924/tools/bin/../lib/gcc/arm-none-eabi/7.3.1/thumb/v7-m/crtbegin.o
 *(.text*)
 .text.Gpio_output_pushpull_conf
                0x0000000008000170       0x44 Src/gpio.o
                0x0000000008000170                Gpio_output_pushpull_conf
 .text.I2C2_pin_config
                0x00000000080001b4       0x5c Src/i2c.o
                0x00000000080001b4                I2C2_pin_config
 .text.master_init
                0x0000000008000210       0x34 Src/i2c.o
                0x0000000008000210                master_init
 .text.i2c_start_condition_w
                0x0000000008000244       0x38 Src/i2c.o
                0x0000000008000244                i2c_start_condition_w
 .text.i2c_start_condition_r
                0x000000000800027c       0x44 Src/i2c.o
                0x000000000800027c                i2c_start_condition_r
 .text.i2c_address_send_w
                0x00000000080002c0       0x50 Src/i2c.o
                0x00000000080002c0                i2c_address_send_w
 .text.databyte_send
                0x0000000008000310       0x2c Src/i2c.o
                0x0000000008000310                databyte_send
 .text.i2c_address_send_r
                0x000000000800033c       0x48 Src/i2c.o
                0x000000000800033c                i2c_address_send_r
 .text.databyte_receive_ack
                0x0000000008000384       0x5c Src/i2c.o
                0x0000000008000384                databyte_receive_ack
 .text.stop_generation
                0x00000000080003e0       0x1c Src/i2c.o
                0x00000000080003e0                stop_generation
 .text.ITM_SendChar
                0x00000000080003fc       0x4c Src/main.o
 .text._write   0x0000000008000448       0x38 Src/main.o
                0x0000000008000448                _write
 .text.main     0x0000000008000480       0xa4 Src/main.o
                0x0000000008000480                main
 .text.MCO_pin_conf
                0x0000000008000524       0x44 Src/rcc.o
                0x0000000008000524                MCO_pin_conf
 .text.system_clk
                0x0000000008000568       0xa4 Src/rcc.o
                0x0000000008000568                system_clk
 .text._read    0x000000000800060c       0x3a Src/syscalls.o
                0x000000000800060c                _read
 .text._close   0x0000000008000646       0x16 Src/syscalls.o
                0x0000000008000646                _close
 .text._fstat   0x000000000800065c       0x1e Src/syscalls.o
                0x000000000800065c                _fstat
 .text._isatty  0x000000000800067a       0x14 Src/syscalls.o
                0x000000000800067a                _isatty
 .text._lseek   0x000000000800068e       0x18 Src/syscalls.o
                0x000000000800068e                _lseek
 *fill*         0x00000000080006a6        0x2 
 .text._sbrk    0x00000000080006a8       0x6c Src/sysmem.o
                0x00000000080006a8                _sbrk
 .text.SystemInit
                0x0000000008000714        0xc Src/system_stm32f1xx.o
                0x0000000008000714                SystemInit
 .text.timer_initialise
                0x0000000008000720       0xa8 Src/t_delay.o
                0x0000000008000720                timer_initialise
 .text.delay_us
                0x00000000080007c8       0x3a Src/t_delay.o
                0x00000000080007c8                delay_us
 .text.delay_ms
                0x0000000008000802       0x2e Src/t_delay.o
                0x0000000008000802                delay_ms
 .text.Reset_Handler
                0x0000000008000830       0x50 Startup/startup_stm32f103c8tx.o
                0x0000000008000830                Reset_Handler
 .text.Default_Handler
                0x0000000008000880        0x2 Startup/startup_stm32f103c8tx.o
                0x0000000008000880                EXTI2_IRQHandler
                0x0000000008000880                TIM8_TRG_COM_IRQHandler
                0x0000000008000880                TIM8_CC_IRQHandler
                0x0000000008000880                DebugMon_Handler
                0x0000000008000880                TIM1_CC_IRQHandler
                0x0000000008000880                HardFault_Handler
                0x0000000008000880                TIM6_IRQHandler
                0x0000000008000880                SysTick_Handler
                0x0000000008000880                PVD_IRQHandler
                0x0000000008000880                SDIO_IRQHandler
                0x0000000008000880                PendSV_Handler
                0x0000000008000880                NMI_Handler
                0x0000000008000880                EXTI3_IRQHandler
                0x0000000008000880                USB_HP_CAN_TX_IRQHandler
                0x0000000008000880                EXTI0_IRQHandler
                0x0000000008000880                I2C2_EV_IRQHandler
                0x0000000008000880                UsageFault_Handler
                0x0000000008000880                ADC1_2_IRQHandler
                0x0000000008000880                SPI1_IRQHandler
                0x0000000008000880                CAN_SCE_IRQHandler
                0x0000000008000880                TAMPER_IRQHandler
                0x0000000008000880                TIM8_UP_IRQHandler
                0x0000000008000880                DMA2_Channel2_IRQHandler
                0x0000000008000880                DMA1_Channel4_IRQHandler
                0x0000000008000880                USART3_IRQHandler
                0x0000000008000880                RTC_IRQHandler
                0x0000000008000880                DMA1_Channel7_IRQHandler
                0x0000000008000880                UART5_IRQHandler
                0x0000000008000880                ADC3_IRQHandler
                0x0000000008000880                TIM4_IRQHandler
                0x0000000008000880                CAN_RX1_IRQHandler
                0x0000000008000880                DMA2_Channel1_IRQHandler
                0x0000000008000880                I2C1_EV_IRQHandler
                0x0000000008000880                DMA1_Channel6_IRQHandler
                0x0000000008000880                UART4_IRQHandler
                0x0000000008000880                TIM3_IRQHandler
                0x0000000008000880                RCC_IRQHandler
                0x0000000008000880                TIM1_TRG_COM_IRQHandler
                0x0000000008000880                DMA1_Channel1_IRQHandler
                0x0000000008000880                Default_Handler
                0x0000000008000880                EXTI15_10_IRQHandler
                0x0000000008000880                TIM7_IRQHandler
                0x0000000008000880                TIM5_IRQHandler
                0x0000000008000880                EXTI9_5_IRQHandler
                0x0000000008000880                SPI2_IRQHandler
                0x0000000008000880                USB_LP_CAN_RX0_IRQHandler
                0x0000000008000880                MemManage_Handler
                0x0000000008000880                SVC_Handler
                0x0000000008000880                DMA1_Channel5_IRQHandler
                0x0000000008000880                EXTI4_IRQHandler
                0x0000000008000880                DMA1_Channel3_IRQHandler
                0x0000000008000880                FSMC_IRQHandler
                0x0000000008000880                TIM1_UP_IRQHandler
                0x0000000008000880                WWDG_IRQHandler
                0x0000000008000880                TIM2_IRQHandler
                0x0000000008000880                TIM1_BRK_IRQHandler
                0x0000000008000880                EXTI1_IRQHandler
                0x0000000008000880                RTCAlarm_IRQHandler
                0x0000000008000880                DMA2_Channel4_5_IRQHandler
                0x0000000008000880                USART2_IRQHandler
                0x0000000008000880                I2C2_ER_IRQHandler
                0x0000000008000880                DMA1_Channel2_IRQHandler
                0x0000000008000880                TIM8_BRK_IRQHandler
                0x0000000008000880                FLASH_IRQHandler
                0x0000000008000880                BusFault_Handler
                0x0000000008000880                USART1_IRQHandler
                0x0000000008000880                SPI3_IRQHandler
                0x0000000008000880                I2C1_ER_IRQHandler
                0x0000000008000880                DMA2_Channel3_IRQHandler
 *fill*         0x0000000008000882        0x2 
 .text.__errno  0x0000000008000884        0xc c:/program files/stm32 sdk/stm32cube/stm32cubeide_1.5.0/stm32cubeide/plugins/com.st.stm32cube.ide.mcu.externaltools.gnu-tools-for-stm32.7-2018-q2-update.win32_1.5.0.202011040924/tools/bin/../lib/gcc/arm-none-eabi/7.3.1/../../../../arm-none-eabi/lib/thumb/v7-m\libc_nano.a(lib_a-errno.o)
                0x0000000008000884                __errno
 .text.__libc_init_array
                0x0000000008000890       0x48 c:/program files/stm32 sdk/stm32cube/stm32cubeide_1.5.0/stm32cubeide/plugins/com.st.stm32cube.ide.mcu.externaltools.gnu-tools-for-stm32.7-2018-q2-update.win32_1.5.0.202011040924/tools/bin/../lib/gcc/arm-none-eabi/7.3.1/../../../../arm-none-eabi/lib/thumb/v7-m\libc_nano.a(lib_a-init.o)
                0x0000000008000890                __libc_init_array
 .text.memset   0x00000000080008d8       0x10 c:/program files/stm32 sdk/stm32cube/stm32cubeide_1.5.0/stm32cubeide/plugins/com.st.stm32cube.ide.mcu.externaltools.gnu-tools-for-stm32.7-2018-q2-update.win32_1.5.0.202011040924/tools/bin/../lib/gcc/arm-none-eabi/7.3.1/../../../../arm-none-eabi/lib/thumb/v7-m\libc_nano.a(lib_a-memset.o)
                0x00000000080008d8                memset
 .text._puts_r  0x00000000080008e8       0xb8 c:/program files/stm32 sdk/stm32cube/stm32cubeide_1.5.0/stm32cubeide/plugins/com.st.stm32cube.ide.mcu.externaltools.gnu-tools-for-stm32.7-2018-q2-update.win32_1.5.0.202011040924/tools/bin/../lib/gcc/arm-none-eabi/7.3.1/../../../../arm-none-eabi/lib/thumb/v7-m\libc_nano.a(lib_a-puts.o)
                0x00000000080008e8                _puts_r
 .text.puts     0x00000000080009a0       0x10 c:/program files/stm32 sdk/stm32cube/stm32cubeide_1.5.0/stm32cubeide/plugins/com.st.stm32cube.ide.mcu.externaltools.gnu-tools-for-stm32.7-2018-q2-update.win32_1.5.0.202011040924/tools/bin/../lib/gcc/arm-none-eabi/7.3.1/../../../../arm-none-eabi/lib/thumb/v7-m\libc_nano.a(lib_a-puts.o)
                0x00000000080009a0                puts
 .text.__swbuf_r
                0x00000000080009b0       0xa4 c:/program files/stm32 sdk/stm32cube/stm32cubeide_1.5.0/stm32cubeide/plugins/com.st.stm32cube.ide.mcu.externaltools.gnu-tools-for-stm32.7-2018-q2-update.win32_1.5.0.202011040924/tools/bin/../lib/gcc/arm-none-eabi/7.3.1/../../../../arm-none-eabi/lib/thumb/v7-m\libc_nano.a(lib_a-wbuf.o)
                0x00000000080009b0                __swbuf_r
 .text.__swsetup_r
                0x0000000008000a54       0xdc c:/program files/stm32 sdk/stm32cube/stm32cubeide_1.5.0/stm32cubeide/plugins/com.st.stm32cube.ide.mcu.externaltools.gnu-tools-for-stm32.7-2018-q2-update.win32_1.5.0.202011040924/tools/bin/../lib/gcc/arm-none-eabi/7.3.1/../../../../arm-none-eabi/lib/thumb/v7-m\libc_nano.a(lib_a-wsetup.o)
                0x0000000008000a54                __swsetup_r
 .text.__sflush_r
                0x0000000008000b30      0x10c c:/program files/stm32 sdk/stm32cube/stm32cubeide_1.5.0/stm32cubeide/plugins/com.st.stm32cube.ide.mcu.externaltools.gnu-tools-for-stm32.7-2018-q2-update.win32_1.5.0.202011040924/tools/bin/../lib/gcc/arm-none-eabi/7.3.1/../../../../arm-none-eabi/lib/thumb/v7-m\libc_nano.a(lib_a-fflush.o)
                0x0000000008000b30                __sflush_r
 .text._fflush_r
                0x0000000008000c3c       0x54 c:/program files/stm32 sdk/stm32cube/stm32cubeide_1.5.0/stm32cubeide/plugins/com.st.stm32cube.ide.mcu.externaltools.gnu-tools-for-stm32.7-2018-q2-update.win32_1.5.0.202011040924/tools/bin/../lib/gcc/arm-none-eabi/7.3.1/../../../../arm-none-eabi/lib/thumb/v7-m\libc_nano.a(lib_a-fflush.o)
                0x0000000008000c3c                _fflush_r
 .text.std      0x0000000008000c90       0x48 c:/program files/stm32 sdk/stm32cube/stm32cubeide_1.5.0/stm32cubeide/plugins/com.st.stm32cube.ide.mcu.externaltools.gnu-tools-for-stm32.7-2018-q2-update.win32_1.5.0.202011040924/tools/bin/../lib/gcc/arm-none-eabi/7.3.1/../../../../arm-none-eabi/lib/thumb/v7-m\libc_nano.a(lib_a-findfp.o)
 .text._cleanup_r
                0x0000000008000cd8        0xc c:/program files/stm32 sdk/stm32cube/stm32cubeide_1.5.0/stm32cubeide/plugins/com.st.stm32cube.ide.mcu.externaltools.gnu-tools-for-stm32.7-2018-q2-update.win32_1.5.0.202011040924/tools/bin/../lib/gcc/arm-none-eabi/7.3.1/../../../../arm-none-eabi/lib/thumb/v7-m\libc_nano.a(lib_a-findfp.o)
                0x0000000008000cd8                _cleanup_r
 .text.__sfmoreglue
                0x0000000008000ce4       0x2c c:/program files/stm32 sdk/stm32cube/stm32cubeide_1.5.0/stm32cubeide/plugins/com.st.stm32cube.ide.mcu.externaltools.gnu-tools-for-stm32.7-2018-q2-update.win32_1.5.0.202011040924/tools/bin/../lib/gcc/arm-none-eabi/7.3.1/../../../../arm-none-eabi/lib/thumb/v7-m\libc_nano.a(lib_a-findfp.o)
                0x0000000008000ce4                __sfmoreglue
 .text.__sinit  0x0000000008000d10       0x60 c:/program files/stm32 sdk/stm32cube/stm32cubeide_1.5.0/stm32cubeide/plugins/com.st.stm32cube.ide.mcu.externaltools.gnu-tools-for-stm32.7-2018-q2-update.win32_1.5.0.202011040924/tools/bin/../lib/gcc/arm-none-eabi/7.3.1/../../../../arm-none-eabi/lib/thumb/v7-m\libc_nano.a(lib_a-findfp.o)
                0x0000000008000d10                __sinit
 .text.__sfp    0x0000000008000d70       0x78 c:/program files/stm32 sdk/stm32cube/stm32cubeide_1.5.0/stm32cubeide/plugins/com.st.stm32cube.ide.mcu.externaltools.gnu-tools-for-stm32.7-2018-q2-update.win32_1.5.0.202011040924/tools/bin/../lib/gcc/arm-none-eabi/7.3.1/../../../../arm-none-eabi/lib/thumb/v7-m\libc_nano.a(lib_a-findfp.o)
                0x0000000008000d70                __sfp
 .text._fwalk_reent
                0x0000000008000de8       0x3c c:/program files/stm32 sdk/stm32cube/stm32cubeide_1.5.0/stm32cubeide/plugins/com.st.stm32cube.ide.mcu.externaltools.gnu-tools-for-stm32.7-2018-q2-update.win32_1.5.0.202011040924/tools/bin/../lib/gcc/arm-none-eabi/7.3.1/../../../../arm-none-eabi/lib/thumb/v7-m\libc_nano.a(lib_a-fwalk.o)
                0x0000000008000de8                _fwalk_reent
 .text.__swhatbuf_r
                0x0000000008000e24       0x48 c:/program files/stm32 sdk/stm32cube/stm32cubeide_1.5.0/stm32cubeide/plugins/com.st.stm32cube.ide.mcu.externaltools.gnu-tools-for-stm32.7-2018-q2-update.win32_1.5.0.202011040924/tools/bin/../lib/gcc/arm-none-eabi/7.3.1/../../../../arm-none-eabi/lib/thumb/v7-m\libc_nano.a(lib_a-makebuf.o)
                0x0000000008000e24                __swhatbuf_r
 .text.__smakebuf_r
                0x0000000008000e6c       0x80 c:/program files/stm32 sdk/stm32cube/stm32cubeide_1.5.0/stm32cubeide/plugins/com.st.stm32cube.ide.mcu.externaltools.gnu-tools-for-stm32.7-2018-q2-update.win32_1.5.0.202011040924/tools/bin/../lib/gcc/arm-none-eabi/7.3.1/../../../../arm-none-eabi/lib/thumb/v7-m\libc_nano.a(lib_a-makebuf.o)
                0x0000000008000e6c                __smakebuf_r
 .text._free_r  0x0000000008000eec       0x98 c:/program files/stm32 sdk/stm32cube/stm32cubeide_1.5.0/stm32cubeide/plugins/com.st.stm32cube.ide.mcu.externaltools.gnu-tools-for-stm32.7-2018-q2-update.win32_1.5.0.202011040924/tools/bin/../lib/gcc/arm-none-eabi/7.3.1/../../../../arm-none-eabi/lib/thumb/v7-m\libc_nano.a(lib_a-nano-freer.o)
                0x0000000008000eec                _free_r
 .text._malloc_r
                0x0000000008000f84       0xb4 c:/program files/stm32 sdk/stm32cube/stm32cubeide_1.5.0/stm32cubeide/plugins/com.st.stm32cube.ide.mcu.externaltools.gnu-tools-for-stm32.7-2018-q2-update.win32_1.5.0.202011040924/tools/bin/../lib/gcc/arm-none-eabi/7.3.1/../../../../arm-none-eabi/lib/thumb/v7-m\libc_nano.a(lib_a-nano-mallocr.o)
                0x0000000008000f84                _malloc_r
 .text._sbrk_r  0x0000000008001038       0x20 c:/program files/stm32 sdk/stm32cube/stm32cubeide_1.5.0/stm32cubeide/plugins/com.st.stm32cube.ide.mcu.externaltools.gnu-tools-for-stm32.7-2018-q2-update.win32_1.5.0.202011040924/tools/bin/../lib/gcc/arm-none-eabi/7.3.1/../../../../arm-none-eabi/lib/thumb/v7-m\libc_nano.a(lib_a-sbrkr.o)
                0x0000000008001038                _sbrk_r
 .text.__sread  0x0000000008001058       0x22 c:/program files/stm32 sdk/stm32cube/stm32cubeide_1.5.0/stm32cubeide/plugins/com.st.stm32cube.ide.mcu.externaltools.gnu-tools-for-stm32.7-2018-q2-update.win32_1.5.0.202011040924/tools/bin/../lib/gcc/arm-none-eabi/7.3.1/../../../../arm-none-eabi/lib/thumb/v7-m\libc_nano.a(lib_a-stdio.o)
                0x0000000008001058                __sread
 .text.__swrite
                0x000000000800107a       0x38 c:/program files/stm32 sdk/stm32cube/stm32cubeide_1.5.0/stm32cubeide/plugins/com.st.stm32cube.ide.mcu.externaltools.gnu-tools-for-stm32.7-2018-q2-update.win32_1.5.0.202011040924/tools/bin/../lib/gcc/arm-none-eabi/7.3.1/../../../../arm-none-eabi/lib/thumb/v7-m\libc_nano.a(lib_a-stdio.o)
                0x000000000800107a                __swrite
 .text.__sseek  0x00000000080010b2       0x24 c:/program files/stm32 sdk/stm32cube/stm32cubeide_1.5.0/stm32cubeide/plugins/com.st.stm32cube.ide.mcu.externaltools.gnu-tools-for-stm32.7-2018-q2-update.win32_1.5.0.202011040924/tools/bin/../lib/gcc/arm-none-eabi/7.3.1/../../../../arm-none-eabi/lib/thumb/v7-m\libc_nano.a(lib_a-stdio.o)
                0x00000000080010b2                __sseek
 .text.__sclose
                0x00000000080010d6        0x8 c:/program files/stm32 sdk/stm32cube/stm32cubeide_1.5.0/stm32cubeide/plugins/com.st.stm32cube.ide.mcu.externaltools.gnu-tools-for-stm32.7-2018-q2-update.win32_1.5.0.202011040924/tools/bin/../lib/gcc/arm-none-eabi/7.3.1/../../../../arm-none-eabi/lib/thumb/v7-m\libc_nano.a(lib_a-stdio.o)
                0x00000000080010d6                __sclose
 *fill*         0x00000000080010de        0x2 
 .text._write_r
                0x00000000080010e0       0x24 c:/program files/stm32 sdk/stm32cube/stm32cubeide_1.5.0/stm32cubeide/plugins/com.st.stm32cube.ide.mcu.externaltools.gnu-tools-for-stm32.7-2018-q2-update.win32_1.5.0.202011040924/tools/bin/../lib/gcc/arm-none-eabi/7.3.1/../../../../arm-none-eabi/lib/thumb/v7-m\libc_nano.a(lib_a-writer.o)
                0x00000000080010e0                _write_r
 .text._close_r
                0x0000000008001104       0x20 c:/program files/stm32 sdk/stm32cube/stm32cubeide_1.5.0/stm32cubeide/plugins/com.st.stm32cube.ide.mcu.externaltools.gnu-tools-for-stm32.7-2018-q2-update.win32_1.5.0.202011040924/tools/bin/../lib/gcc/arm-none-eabi/7.3.1/../../../../arm-none-eabi/lib/thumb/v7-m\libc_nano.a(lib_a-closer.o)
                0x0000000008001104                _close_r
 .text._fstat_r
                0x0000000008001124       0x24 c:/program files/stm32 sdk/stm32cube/stm32cubeide_1.5.0/stm32cubeide/plugins/com.st.stm32cube.ide.mcu.externaltools.gnu-tools-for-stm32.7-2018-q2-update.win32_1.5.0.202011040924/tools/bin/../lib/gcc/arm-none-eabi/7.3.1/../../../../arm-none-eabi/lib/thumb/v7-m\libc_nano.a(lib_a-fstatr.o)
                0x0000000008001124                _fstat_r
 .text._isatty_r
                0x0000000008001148       0x20 c:/program files/stm32 sdk/stm32cube/stm32cubeide_1.5.0/stm32cubeide/plugins/com.st.stm32cube.ide.mcu.externaltools.gnu-tools-for-stm32.7-2018-q2-update.win32_1.5.0.202011040924/tools/bin/../lib/gcc/arm-none-eabi/7.3.1/../../../../arm-none-eabi/lib/thumb/v7-m\libc_nano.a(lib_a-isattyr.o)
                0x0000000008001148                _isatty_r
 .text._lseek_r
                0x0000000008001168       0x24 c:/program files/stm32 sdk/stm32cube/stm32cubeide_1.5.0/stm32cubeide/plugins/com.st.stm32cube.ide.mcu.externaltools.gnu-tools-for-stm32.7-2018-q2-update.win32_1.5.0.202011040924/tools/bin/../lib/gcc/arm-none-eabi/7.3.1/../../../../arm-none-eabi/lib/thumb/v7-m\libc_nano.a(lib_a-lseekr.o)
                0x0000000008001168                _lseek_r
 .text.__malloc_lock
                0x000000000800118c        0x2 c:/program files/stm32 sdk/stm32cube/stm32cubeide_1.5.0/stm32cubeide/plugins/com.st.stm32cube.ide.mcu.externaltools.gnu-tools-for-stm32.7-2018-q2-update.win32_1.5.0.202011040924/tools/bin/../lib/gcc/arm-none-eabi/7.3.1/../../../../arm-none-eabi/lib/thumb/v7-m\libc_nano.a(lib_a-mlock.o)
                0x000000000800118c                __malloc_lock
 .text.__malloc_unlock
                0x000000000800118e        0x2 c:/program files/stm32 sdk/stm32cube/stm32cubeide_1.5.0/stm32cubeide/plugins/com.st.stm32cube.ide.mcu.externaltools.gnu-tools-for-stm32.7-2018-q2-update.win32_1.5.0.202011040924/tools/bin/../lib/gcc/arm-none-eabi/7.3.1/../../../../arm-none-eabi/lib/thumb/v7-m\libc_nano.a(lib_a-mlock.o)
                0x000000000800118e                __malloc_unlock
 .text._read_r  0x0000000008001190       0x24 c:/program files/stm32 sdk/stm32cube/stm32cubeide_1.5.0/stm32cubeide/plugins/com.st.stm32cube.ide.mcu.externaltools.gnu-tools-for-stm32.7-2018-q2-update.win32_1.5.0.202011040924/tools/bin/../lib/gcc/arm-none-eabi/7.3.1/../../../../arm-none-eabi/lib/thumb/v7-m\libc_nano.a(lib_a-readr.o)
                0x0000000008001190                _read_r
 *(.glue_7)
 .glue_7        0x00000000080011b4        0x0 linker stubs
 *(.glue_7t)
 .glue_7t       0x00000000080011b4        0x0 linker stubs
 *(.eh_frame)
 .eh_frame      0x00000000080011b4        0x0 c:/program files/stm32 sdk/stm32cube/stm32cubeide_1.5.0/stm32cubeide/plugins/com.st.stm32cube.ide.mcu.externaltools.gnu-tools-for-stm32.7-2018-q2-update.win32_1.5.0.202011040924/tools/bin/../lib/gcc/arm-none-eabi/7.3.1/thumb/v7-m/crtbegin.o
 *(.init)
 .init          0x00000000080011b4        0x4 c:/program files/stm32 sdk/stm32cube/stm32cubeide_1.5.0/stm32cubeide/plugins/com.st.stm32cube.ide.mcu.externaltools.gnu-tools-for-stm32.7-2018-q2-update.win32_1.5.0.202011040924/tools/bin/../lib/gcc/arm-none-eabi/7.3.1/thumb/v7-m/crti.o
                0x00000000080011b4                _init
 .init          0x00000000080011b8        0x8 c:/program files/stm32 sdk/stm32cube/stm32cubeide_1.5.0/stm32cubeide/plugins/com.st.stm32cube.ide.mcu.externaltools.gnu-tools-for-stm32.7-2018-q2-update.win32_1.5.0.202011040924/tools/bin/../lib/gcc/arm-none-eabi/7.3.1/thumb/v7-m/crtn.o
 *(.fini)
 .fini          0x00000000080011c0        0x4 c:/program files/stm32 sdk/stm32cube/stm32cubeide_1.5.0/stm32cubeide/plugins/com.st.stm32cube.ide.mcu.externaltools.gnu-tools-for-stm32.7-2018-q2-update.win32_1.5.0.202011040924/tools/bin/../lib/gcc/arm-none-eabi/7.3.1/thumb/v7-m/crti.o
                0x00000000080011c0                _fini
 .fini          0x00000000080011c4        0x8 c:/program files/stm32 sdk/stm32cube/stm32cubeide_1.5.0/stm32cubeide/plugins/com.st.stm32cube.ide.mcu.externaltools.gnu-tools-for-stm32.7-2018-q2-update.win32_1.5.0.202011040924/tools/bin/../lib/gcc/arm-none-eabi/7.3.1/thumb/v7-m/crtn.o
                0x00000000080011cc                . = ALIGN (0x4)
                0x00000000080011cc                _etext = .

.vfp11_veneer   0x00000000080011cc        0x0
 .vfp11_veneer  0x00000000080011cc        0x0 linker stubs

.v4_bx          0x00000000080011cc        0x0
 .v4_bx         0x00000000080011cc        0x0 linker stubs

.iplt           0x00000000080011cc        0x0
 .iplt          0x00000000080011cc        0x0 c:/program files/stm32 sdk/stm32cube/stm32cubeide_1.5.0/stm32cubeide/plugins/com.st.stm32cube.ide.mcu.externaltools.gnu-tools-for-stm32.7-2018-q2-update.win32_1.5.0.202011040924/tools/bin/../lib/gcc/arm-none-eabi/7.3.1/thumb/v7-m/crtbegin.o

.rodata         0x00000000080011cc       0x74
                0x00000000080011cc                . = ALIGN (0x4)
 *(.rodata)
 .rodata        0x00000000080011cc        0xd Src/main.o
 *(.rodata*)
 *fill*         0x00000000080011d9        0x3 
 .rodata._global_impure_ptr
                0x00000000080011dc        0x4 c:/program files/stm32 sdk/stm32cube/stm32cubeide_1.5.0/stm32cubeide/plugins/com.st.stm32cube.ide.mcu.externaltools.gnu-tools-for-stm32.7-2018-q2-update.win32_1.5.0.202011040924/tools/bin/../lib/gcc/arm-none-eabi/7.3.1/../../../../arm-none-eabi/lib/thumb/v7-m\libc_nano.a(lib_a-impure.o)
                0x00000000080011dc                _global_impure_ptr
 .rodata.__sf_fake_stderr
                0x00000000080011e0       0x20 c:/program files/stm32 sdk/stm32cube/stm32cubeide_1.5.0/stm32cubeide/plugins/com.st.stm32cube.ide.mcu.externaltools.gnu-tools-for-stm32.7-2018-q2-update.win32_1.5.0.202011040924/tools/bin/../lib/gcc/arm-none-eabi/7.3.1/../../../../arm-none-eabi/lib/thumb/v7-m\libc_nano.a(lib_a-findfp.o)
                0x00000000080011e0                __sf_fake_stderr
 .rodata.__sf_fake_stdin
                0x0000000008001200       0x20 c:/program files/stm32 sdk/stm32cube/stm32cubeide_1.5.0/stm32cubeide/plugins/com.st.stm32cube.ide.mcu.externaltools.gnu-tools-for-stm32.7-2018-q2-update.win32_1.5.0.202011040924/tools/bin/../lib/gcc/arm-none-eabi/7.3.1/../../../../arm-none-eabi/lib/thumb/v7-m\libc_nano.a(lib_a-findfp.o)
                0x0000000008001200                __sf_fake_stdin
 .rodata.__sf_fake_stdout
                0x0000000008001220       0x20 c:/program files/stm32 sdk/stm32cube/stm32cubeide_1.5.0/stm32cubeide/plugins/com.st.stm32cube.ide.mcu.externaltools.gnu-tools-for-stm32.7-2018-q2-update.win32_1.5.0.202011040924/tools/bin/../lib/gcc/arm-none-eabi/7.3.1/../../../../arm-none-eabi/lib/thumb/v7-m\libc_nano.a(lib_a-findfp.o)
                0x0000000008001220                __sf_fake_stdout
                0x0000000008001240                . = ALIGN (0x4)

.rel.dyn        0x0000000008001240        0x0
 .rel.iplt      0x0000000008001240        0x0 c:/program files/stm32 sdk/stm32cube/stm32cubeide_1.5.0/stm32cubeide/plugins/com.st.stm32cube.ide.mcu.externaltools.gnu-tools-for-stm32.7-2018-q2-update.win32_1.5.0.202011040924/tools/bin/../lib/gcc/arm-none-eabi/7.3.1/thumb/v7-m/crtbegin.o

.ARM.extab      0x0000000008001240        0x0
                0x0000000008001240                . = ALIGN (0x4)
 *(.ARM.extab* .gnu.linkonce.armextab.*)
                0x0000000008001240                . = ALIGN (0x4)

.ARM            0x0000000008001240        0x0
                0x0000000008001240                . = ALIGN (0x4)
                0x0000000008001240                __exidx_start = .
 *(.ARM.exidx*)
                0x0000000008001240                __exidx_end = .
                0x0000000008001240                . = ALIGN (0x4)

.preinit_array  0x0000000008001240        0x0
                0x0000000008001240                . = ALIGN (0x4)
                0x0000000008001240                PROVIDE (__preinit_array_start = .)
 *(.preinit_array*)
                0x0000000008001240                PROVIDE (__preinit_array_end = .)
                0x0000000008001240                . = ALIGN (0x4)

.init_array     0x0000000008001240        0x4
                0x0000000008001240                . = ALIGN (0x4)
                0x0000000008001240                PROVIDE (__init_array_start = .)
 *(SORT_BY_NAME(.init_array.*))
 *(.init_array*)
 .init_array    0x0000000008001240        0x4 c:/program files/stm32 sdk/stm32cube/stm32cubeide_1.5.0/stm32cubeide/plugins/com.st.stm32cube.ide.mcu.externaltools.gnu-tools-for-stm32.7-2018-q2-update.win32_1.5.0.202011040924/tools/bin/../lib/gcc/arm-none-eabi/7.3.1/thumb/v7-m/crtbegin.o
                0x0000000008001244                PROVIDE (__init_array_end = .)
                0x0000000008001244                . = ALIGN (0x4)

.fini_array     0x0000000008001244        0x4
                0x0000000008001244                . = ALIGN (0x4)
                [!provide]                        PROVIDE (__fini_array_start = .)
 *(SORT_BY_NAME(.fini_array.*))
 *(.fini_array*)
 .fini_array    0x0000000008001244        0x4 c:/program files/stm32 sdk/stm32cube/stm32cubeide_1.5.0/stm32cubeide/plugins/com.st.stm32cube.ide.mcu.externaltools.gnu-tools-for-stm32.7-2018-q2-update.win32_1.5.0.202011040924/tools/bin/../lib/gcc/arm-none-eabi/7.3.1/thumb/v7-m/crtbegin.o
                [!provide]                        PROVIDE (__fini_array_end = .)
                0x0000000008001248                . = ALIGN (0x4)
                0x0000000008001248                _sidata = LOADADDR (.data)

.data           0x0000000020000000       0x64 load address 0x0000000008001248
                0x0000000020000000                . = ALIGN (0x4)
                0x0000000020000000                _sdata = .
 *(.data)
 *(.data*)
 .data._impure_ptr
                0x0000000020000000        0x4 c:/program files/stm32 sdk/stm32cube/stm32cubeide_1.5.0/stm32cubeide/plugins/com.st.stm32cube.ide.mcu.externaltools.gnu-tools-for-stm32.7-2018-q2-update.win32_1.5.0.202011040924/tools/bin/../lib/gcc/arm-none-eabi/7.3.1/../../../../arm-none-eabi/lib/thumb/v7-m\libc_nano.a(lib_a-impure.o)
                0x0000000020000000                _impure_ptr
 .data.impure_data
                0x0000000020000004       0x60 c:/program files/stm32 sdk/stm32cube/stm32cubeide_1.5.0/stm32cubeide/plugins/com.st.stm32cube.ide.mcu.externaltools.gnu-tools-for-stm32.7-2018-q2-update.win32_1.5.0.202011040924/tools/bin/../lib/gcc/arm-none-eabi/7.3.1/../../../../arm-none-eabi/lib/thumb/v7-m\libc_nano.a(lib_a-impure.o)
 *(.RamFunc)
 *(.RamFunc*)
                0x0000000020000064                . = ALIGN (0x4)
                0x0000000020000064                _edata = .

.igot.plt       0x0000000020000064        0x0 load address 0x00000000080012ac
 .igot.plt      0x0000000020000064        0x0 c:/program files/stm32 sdk/stm32cube/stm32cubeide_1.5.0/stm32cubeide/plugins/com.st.stm32cube.ide.mcu.externaltools.gnu-tools-for-stm32.7-2018-q2-update.win32_1.5.0.202011040924/tools/bin/../lib/gcc/arm-none-eabi/7.3.1/thumb/v7-m/crtbegin.o
                0x0000000020000064                . = ALIGN (0x4)

.bss            0x0000000020000064       0x34 load address 0x00000000080012ac
                0x0000000020000064                _sbss = .
                0x0000000020000064                __bss_start__ = _sbss
 *(.bss)
 .bss           0x0000000020000064       0x1c c:/program files/stm32 sdk/stm32cube/stm32cubeide_1.5.0/stm32cubeide/plugins/com.st.stm32cube.ide.mcu.externaltools.gnu-tools-for-stm32.7-2018-q2-update.win32_1.5.0.202011040924/tools/bin/../lib/gcc/arm-none-eabi/7.3.1/thumb/v7-m/crtbegin.o
 *(.bss*)
 .bss.read_reg  0x0000000020000080        0x4 Src/i2c.o
                0x0000000020000080                read_reg
 .bss.__sbrk_heap_end
                0x0000000020000084        0x4 Src/sysmem.o
 .bss.__malloc_free_list
                0x0000000020000088        0x4 c:/program files/stm32 sdk/stm32cube/stm32cubeide_1.5.0/stm32cubeide/plugins/com.st.stm32cube.ide.mcu.externaltools.gnu-tools-for-stm32.7-2018-q2-update.win32_1.5.0.202011040924/tools/bin/../lib/gcc/arm-none-eabi/7.3.1/../../../../arm-none-eabi/lib/thumb/v7-m\libc_nano.a(lib_a-nano-mallocr.o)
                0x0000000020000088                __malloc_free_list
 .bss.__malloc_sbrk_start
                0x000000002000008c        0x4 c:/program files/stm32 sdk/stm32cube/stm32cubeide_1.5.0/stm32cubeide/plugins/com.st.stm32cube.ide.mcu.externaltools.gnu-tools-for-stm32.7-2018-q2-update.win32_1.5.0.202011040924/tools/bin/../lib/gcc/arm-none-eabi/7.3.1/../../../../arm-none-eabi/lib/thumb/v7-m\libc_nano.a(lib_a-nano-mallocr.o)
                0x000000002000008c                __malloc_sbrk_start
 *(COMMON)
 COMMON         0x0000000020000090        0x2 Src/main.o
                0x0000000020000090                lsb
                0x0000000020000091                msb
 *fill*         0x0000000020000092        0x2 
 COMMON         0x0000000020000094        0x4 c:/program files/stm32 sdk/stm32cube/stm32cubeide_1.5.0/stm32cubeide/plugins/com.st.stm32cube.ide.mcu.externaltools.gnu-tools-for-stm32.7-2018-q2-update.win32_1.5.0.202011040924/tools/bin/../lib/gcc/arm-none-eabi/7.3.1/../../../../arm-none-eabi/lib/thumb/v7-m\libc_nano.a(lib_a-reent.o)
                0x0000000020000094                errno
                0x0000000020000098                . = ALIGN (0x4)
                0x0000000020000098                _ebss = .
                0x0000000020000098                __bss_end__ = _ebss

._user_heap_stack
                0x0000000020000098      0x600 load address 0x00000000080012ac
                0x0000000020000098                . = ALIGN (0x8)
                [!provide]                        PROVIDE (end = .)
                0x0000000020000098                PROVIDE (_end = .)
                0x0000000020000298                . = (. + _Min_Heap_Size)
 *fill*         0x0000000020000098      0x200 
                0x0000000020000698                . = (. + _Min_Stack_Size)
 *fill*         0x0000000020000298      0x400 
                0x0000000020000698                . = ALIGN (0x8)

/DISCARD/
 libc.a(*)
 libm.a(*)
 libgcc.a(*)

.ARM.attributes
                0x0000000000000000       0x29
 *(.ARM.attributes)
 .ARM.attributes
                0x0000000000000000       0x1d c:/program files/stm32 sdk/stm32cube/stm32cubeide_1.5.0/stm32cubeide/plugins/com.st.stm32cube.ide.mcu.externaltools.gnu-tools-for-stm32.7-2018-q2-update.win32_1.5.0.202011040924/tools/bin/../lib/gcc/arm-none-eabi/7.3.1/thumb/v7-m/crti.o
 .ARM.attributes
                0x000000000000001d       0x2d c:/program files/stm32 sdk/stm32cube/stm32cubeide_1.5.0/stm32cubeide/plugins/com.st.stm32cube.ide.mcu.externaltools.gnu-tools-for-stm32.7-2018-q2-update.win32_1.5.0.202011040924/tools/bin/../lib/gcc/arm-none-eabi/7.3.1/thumb/v7-m/crtbegin.o
 .ARM.attributes
                0x000000000000004a       0x33 Src/gpio.o
 .ARM.attributes
                0x000000000000007d       0x33 Src/i2c.o
 .ARM.attributes
                0x00000000000000b0       0x33 Src/main.o
 .ARM.attributes
                0x00000000000000e3       0x33 Src/rcc.o
 .ARM.attributes
                0x0000000000000116       0x33 Src/syscalls.o
 .ARM.attributes
                0x0000000000000149       0x33 Src/sysmem.o
 .ARM.attributes
                0x000000000000017c       0x33 Src/system_stm32f1xx.o
 .ARM.attributes
                0x00000000000001af       0x33 Src/t_delay.o
 .ARM.attributes
                0x00000000000001e2       0x21 Startup/startup_stm32f103c8tx.o
 .ARM.attributes
                0x0000000000000203       0x2d c:/program files/stm32 sdk/stm32cube/stm32cubeide_1.5.0/stm32cubeide/plugins/com.st.stm32cube.ide.mcu.externaltools.gnu-tools-for-stm32.7-2018-q2-update.win32_1.5.0.202011040924/tools/bin/../lib/gcc/arm-none-eabi/7.3.1/../../../../arm-none-eabi/lib/thumb/v7-m\libc_nano.a(lib_a-errno.o)
 .ARM.attributes
                0x0000000000000230       0x2d c:/program files/stm32 sdk/stm32cube/stm32cubeide_1.5.0/stm32cubeide/plugins/com.st.stm32cube.ide.mcu.externaltools.gnu-tools-for-stm32.7-2018-q2-update.win32_1.5.0.202011040924/tools/bin/../lib/gcc/arm-none-eabi/7.3.1/../../../../arm-none-eabi/lib/thumb/v7-m\libc_nano.a(lib_a-impure.o)
 .ARM.attributes
                0x000000000000025d       0x2d c:/program files/stm32 sdk/stm32cube/stm32cubeide_1.5.0/stm32cubeide/plugins/com.st.stm32cube.ide.mcu.externaltools.gnu-tools-for-stm32.7-2018-q2-update.win32_1.5.0.202011040924/tools/bin/../lib/gcc/arm-none-eabi/7.3.1/../../../../arm-none-eabi/lib/thumb/v7-m\libc_nano.a(lib_a-init.o)
 .ARM.attributes
                0x000000000000028a       0x2d c:/program files/stm32 sdk/stm32cube/stm32cubeide_1.5.0/stm32cubeide/plugins/com.st.stm32cube.ide.mcu.externaltools.gnu-tools-for-stm32.7-2018-q2-update.win32_1.5.0.202011040924/tools/bin/../lib/gcc/arm-none-eabi/7.3.1/../../../../arm-none-eabi/lib/thumb/v7-m\libc_nano.a(lib_a-memset.o)
 .ARM.attributes
                0x00000000000002b7       0x2d c:/program files/stm32 sdk/stm32cube/stm32cubeide_1.5.0/stm32cubeide/plugins/com.st.stm32cube.ide.mcu.externaltools.gnu-tools-for-stm32.7-2018-q2-update.win32_1.5.0.202011040924/tools/bin/../lib/gcc/arm-none-eabi/7.3.1/../../../../arm-none-eabi/lib/thumb/v7-m\libc_nano.a(lib_a-puts.o)
 .ARM.attributes
                0x00000000000002e4       0x2d c:/program files/stm32 sdk/stm32cube/stm32cubeide_1.5.0/stm32cubeide/plugins/com.st.stm32cube.ide.mcu.externaltools.gnu-tools-for-stm32.7-2018-q2-update.win32_1.5.0.202011040924/tools/bin/../lib/gcc/arm-none-eabi/7.3.1/../../../../arm-none-eabi/lib/thumb/v7-m\libc_nano.a(lib_a-wbuf.o)
 .ARM.attributes
                0x0000000000000311       0x2d c:/program files/stm32 sdk/stm32cube/stm32cubeide_1.5.0/stm32cubeide/plugins/com.st.stm32cube.ide.mcu.externaltools.gnu-tools-for-stm32.7-2018-q2-update.win32_1.5.0.202011040924/tools/bin/../lib/gcc/arm-none-eabi/7.3.1/../../../../arm-none-eabi/lib/thumb/v7-m\libc_nano.a(lib_a-wsetup.o)
 .ARM.attributes
                0x000000000000033e       0x2d c:/program files/stm32 sdk/stm32cube/stm32cubeide_1.5.0/stm32cubeide/plugins/com.st.stm32cube.ide.mcu.externaltools.gnu-tools-for-stm32.7-2018-q2-update.win32_1.5.0.202011040924/tools/bin/../lib/gcc/arm-none-eabi/7.3.1/../../../../arm-none-eabi/lib/thumb/v7-m\libc_nano.a(lib_a-fflush.o)
 .ARM.attributes
                0x000000000000036b       0x2d c:/program files/stm32 sdk/stm32cube/stm32cubeide_1.5.0/stm32cubeide/plugins/com.st.stm32cube.ide.mcu.externaltools.gnu-tools-for-stm32.7-2018-q2-update.win32_1.5.0.202011040924/tools/bin/../lib/gcc/arm-none-eabi/7.3.1/../../../../arm-none-eabi/lib/thumb/v7-m\libc_nano.a(lib_a-findfp.o)
 .ARM.attributes
                0x0000000000000398       0x2d c:/program files/stm32 sdk/stm32cube/stm32cubeide_1.5.0/stm32cubeide/plugins/com.st.stm32cube.ide.mcu.externaltools.gnu-tools-for-stm32.7-2018-q2-update.win32_1.5.0.202011040924/tools/bin/../lib/gcc/arm-none-eabi/7.3.1/../../../../arm-none-eabi/lib/thumb/v7-m\libc_nano.a(lib_a-fwalk.o)
 .ARM.attributes
                0x00000000000003c5       0x2d c:/program files/stm32 sdk/stm32cube/stm32cubeide_1.5.0/stm32cubeide/plugins/com.st.stm32cube.ide.mcu.externaltools.gnu-tools-for-stm32.7-2018-q2-update.win32_1.5.0.202011040924/tools/bin/../lib/gcc/arm-none-eabi/7.3.1/../../../../arm-none-eabi/lib/thumb/v7-m\libc_nano.a(lib_a-makebuf.o)
 .ARM.attributes
                0x00000000000003f2       0x2d c:/program files/stm32 sdk/stm32cube/stm32cubeide_1.5.0/stm32cubeide/plugins/com.st.stm32cube.ide.mcu.externaltools.gnu-tools-for-stm32.7-2018-q2-update.win32_1.5.0.202011040924/tools/bin/../lib/gcc/arm-none-eabi/7.3.1/../../../../arm-none-eabi/lib/thumb/v7-m\libc_nano.a(lib_a-nano-freer.o)
 .ARM.attributes
                0x000000000000041f       0x2d c:/program files/stm32 sdk/stm32cube/stm32cubeide_1.5.0/stm32cubeide/plugins/com.st.stm32cube.ide.mcu.externaltools.gnu-tools-for-stm32.7-2018-q2-update.win32_1.5.0.202011040924/tools/bin/../lib/gcc/arm-none-eabi/7.3.1/../../../../arm-none-eabi/lib/thumb/v7-m\libc_nano.a(lib_a-nano-mallocr.o)
 .ARM.attributes
                0x000000000000044c       0x2d c:/program files/stm32 sdk/stm32cube/stm32cubeide_1.5.0/stm32cubeide/plugins/com.st.stm32cube.ide.mcu.externaltools.gnu-tools-for-stm32.7-2018-q2-update.win32_1.5.0.202011040924/tools/bin/../lib/gcc/arm-none-eabi/7.3.1/../../../../arm-none-eabi/lib/thumb/v7-m\libc_nano.a(lib_a-sbrkr.o)
 .ARM.attributes
                0x0000000000000479       0x2d c:/program files/stm32 sdk/stm32cube/stm32cubeide_1.5.0/stm32cubeide/plugins/com.st.stm32cube.ide.mcu.externaltools.gnu-tools-for-stm32.7-2018-q2-update.win32_1.5.0.202011040924/tools/bin/../lib/gcc/arm-none-eabi/7.3.1/../../../../arm-none-eabi/lib/thumb/v7-m\libc_nano.a(lib_a-stdio.o)
 .ARM.attributes
                0x00000000000004a6       0x2d c:/program files/stm32 sdk/stm32cube/stm32cubeide_1.5.0/stm32cubeide/plugins/com.st.stm32cube.ide.mcu.externaltools.gnu-tools-for-stm32.7-2018-q2-update.win32_1.5.0.202011040924/tools/bin/../lib/gcc/arm-none-eabi/7.3.1/../../../../arm-none-eabi/lib/thumb/v7-m\libc_nano.a(lib_a-writer.o)
 .ARM.attributes
                0x00000000000004d3       0x2d c:/program files/stm32 sdk/stm32cube/stm32cubeide_1.5.0/stm32cubeide/plugins/com.st.stm32cube.ide.mcu.externaltools.gnu-tools-for-stm32.7-2018-q2-update.win32_1.5.0.202011040924/tools/bin/../lib/gcc/arm-none-eabi/7.3.1/../../../../arm-none-eabi/lib/thumb/v7-m\libc_nano.a(lib_a-closer.o)
 .ARM.attributes
                0x0000000000000500       0x2d c:/program files/stm32 sdk/stm32cube/stm32cubeide_1.5.0/stm32cubeide/plugins/com.st.stm32cube.ide.mcu.externaltools.gnu-tools-for-stm32.7-2018-q2-update.win32_1.5.0.202011040924/tools/bin/../lib/gcc/arm-none-eabi/7.3.1/../../../../arm-none-eabi/lib/thumb/v7-m\libc_nano.a(lib_a-fstatr.o)
 .ARM.attributes
                0x000000000000052d       0x2d c:/program files/stm32 sdk/stm32cube/stm32cubeide_1.5.0/stm32cubeide/plugins/com.st.stm32cube.ide.mcu.externaltools.gnu-tools-for-stm32.7-2018-q2-update.win32_1.5.0.202011040924/tools/bin/../lib/gcc/arm-none-eabi/7.3.1/../../../../arm-none-eabi/lib/thumb/v7-m\libc_nano.a(lib_a-isattyr.o)
 .ARM.attributes
                0x000000000000055a       0x2d c:/program files/stm32 sdk/stm32cube/stm32cubeide_1.5.0/stm32cubeide/plugins/com.st.stm32cube.ide.mcu.externaltools.gnu-tools-for-stm32.7-2018-q2-update.win32_1.5.0.202011040924/tools/bin/../lib/gcc/arm-none-eabi/7.3.1/../../../../arm-none-eabi/lib/thumb/v7-m\libc_nano.a(lib_a-lseekr.o)
 .ARM.attributes
                0x0000000000000587       0x2d c:/program files/stm32 sdk/stm32cube/stm32cubeide_1.5.0/stm32cubeide/plugins/com.st.stm32cube.ide.mcu.externaltools.gnu-tools-for-stm32.7-2018-q2-update.win32_1.5.0.202011040924/tools/bin/../lib/gcc/arm-none-eabi/7.3.1/../../../../arm-none-eabi/lib/thumb/v7-m\libc_nano.a(lib_a-mlock.o)
 .ARM.attributes
                0x00000000000005b4       0x2d c:/program files/stm32 sdk/stm32cube/stm32cubeide_1.5.0/stm32cubeide/plugins/com.st.stm32cube.ide.mcu.externaltools.gnu-tools-for-stm32.7-2018-q2-update.win32_1.5.0.202011040924/tools/bin/../lib/gcc/arm-none-eabi/7.3.1/../../../../arm-none-eabi/lib/thumb/v7-m\libc_nano.a(lib_a-readr.o)
 .ARM.attributes
                0x00000000000005e1       0x2d c:/program files/stm32 sdk/stm32cube/stm32cubeide_1.5.0/stm32cubeide/plugins/com.st.stm32cube.ide.mcu.externaltools.gnu-tools-for-stm32.7-2018-q2-update.win32_1.5.0.202011040924/tools/bin/../lib/gcc/arm-none-eabi/7.3.1/../../../../arm-none-eabi/lib/thumb/v7-m\libc_nano.a(lib_a-reent.o)
 .ARM.attributes
                0x000000000000060e       0x1d c:/program files/stm32 sdk/stm32cube/stm32cubeide_1.5.0/stm32cubeide/plugins/com.st.stm32cube.ide.mcu.externaltools.gnu-tools-for-stm32.7-2018-q2-update.win32_1.5.0.202011040924/tools/bin/../lib/gcc/arm-none-eabi/7.3.1/thumb/v7-m/crtn.o
OUTPUT(stm32f103_baremetal_i2c.elf elf32-littlearm)

.debug_info     0x0000000000000000     0x358d
 .debug_info    0x0000000000000000      0x231 Src/gpio.o
 .debug_info    0x0000000000000231      0x44e Src/i2c.o
 .debug_info    0x000000000000067f      0xd9f Src/main.o
 .debug_info    0x000000000000141e      0x2ca Src/rcc.o
 .debug_info    0x00000000000016e8      0xebd Src/syscalls.o
 .debug_info    0x00000000000025a5      0x985 Src/sysmem.o
 .debug_info    0x0000000000002f2a      0x241 Src/system_stm32f1xx.o
 .debug_info    0x000000000000316b      0x400 Src/t_delay.o
 .debug_info    0x000000000000356b       0x22 Startup/startup_stm32f103c8tx.o

.debug_abbrev   0x0000000000000000      0xc05
 .debug_abbrev  0x0000000000000000       0xca Src/gpio.o
 .debug_abbrev  0x00000000000000ca      0x18c Src/i2c.o
 .debug_abbrev  0x0000000000000256      0x259 Src/main.o
 .debug_abbrev  0x00000000000004af       0xe0 Src/rcc.o
 .debug_abbrev  0x000000000000058f      0x261 Src/syscalls.o
 .debug_abbrev  0x00000000000007f0      0x19b Src/sysmem.o
 .debug_abbrev  0x000000000000098b      0x134 Src/system_stm32f1xx.o
 .debug_abbrev  0x0000000000000abf      0x134 Src/t_delay.o
 .debug_abbrev  0x0000000000000bf3       0x12 Startup/startup_stm32f103c8tx.o

.debug_aranges  0x0000000000000000      0x258
 .debug_aranges
                0x0000000000000000       0x20 Src/gpio.o
 .debug_aranges
                0x0000000000000020       0x78 Src/i2c.o
 .debug_aranges
                0x0000000000000098       0x30 Src/main.o
 .debug_aranges
                0x00000000000000c8       0x28 Src/rcc.o
 .debug_aranges
                0x00000000000000f0       0xa8 Src/syscalls.o
 .debug_aranges
                0x0000000000000198       0x20 Src/sysmem.o
 .debug_aranges
                0x00000000000001b8       0x28 Src/system_stm32f1xx.o
 .debug_aranges
                0x00000000000001e0       0x50 Src/t_delay.o
 .debug_aranges
                0x0000000000000230       0x28 Startup/startup_stm32f103c8tx.o

.debug_ranges   0x0000000000000000      0x1d0
 .debug_ranges  0x0000000000000000       0x10 Src/gpio.o
 .debug_ranges  0x0000000000000010       0x68 Src/i2c.o
 .debug_ranges  0x0000000000000078       0x20 Src/main.o
 .debug_ranges  0x0000000000000098       0x18 Src/rcc.o
 .debug_ranges  0x00000000000000b0       0x98 Src/syscalls.o
 .debug_ranges  0x0000000000000148       0x10 Src/sysmem.o
 .debug_ranges  0x0000000000000158       0x18 Src/system_stm32f1xx.o
 .debug_ranges  0x0000000000000170       0x40 Src/t_delay.o
 .debug_ranges  0x00000000000001b0       0x20 Startup/startup_stm32f103c8tx.o

.debug_macro    0x0000000000000000    0x11fa3
 .debug_macro   0x0000000000000000       0xc6 Src/gpio.o
 .debug_macro   0x00000000000000c6      0xa60 Src/gpio.o
 .debug_macro   0x0000000000000b26       0x2e Src/gpio.o
 .debug_macro   0x0000000000000b54       0x22 Src/gpio.o
 .debug_macro   0x0000000000000b76       0x22 Src/gpio.o
 .debug_macro   0x0000000000000b98       0x8e Src/gpio.o
 .debug_macro   0x0000000000000c26       0x51 Src/gpio.o
 .debug_macro   0x0000000000000c77       0xef Src/gpio.o
 .debug_macro   0x0000000000000d66       0x6a Src/gpio.o
 .debug_macro   0x0000000000000dd0      0x1df Src/gpio.o
 .debug_macro   0x0000000000000faf       0x1c Src/gpio.o
 .debug_macro   0x0000000000000fcb       0x22 Src/gpio.o
 .debug_macro   0x0000000000000fed       0xc3 Src/gpio.o
 .debug_macro   0x00000000000010b0      0xd23 Src/gpio.o
 .debug_macro   0x0000000000001dd3     0xe097 Src/gpio.o
 .debug_macro   0x000000000000fe6a       0x43 Src/gpio.o
 .debug_macro   0x000000000000fead       0xca Src/i2c.o
 .debug_macro   0x000000000000ff77      0x28b Src/main.o
 .debug_macro   0x0000000000010202       0x46 Src/main.o
 .debug_macro   0x0000000000010248       0x18 Src/main.o
 .debug_macro   0x0000000000010260       0x3c Src/main.o
 .debug_macro   0x000000000001029c       0x34 Src/main.o
 .debug_macro   0x00000000000102d0       0x16 Src/main.o
 .debug_macro   0x00000000000102e6       0x97 Src/main.o
 .debug_macro   0x000000000001037d      0x330 Src/main.o
 .debug_macro   0x00000000000106ad       0xfd Src/main.o
 .debug_macro   0x00000000000107aa       0x10 Src/main.o
 .debug_macro   0x00000000000107ba       0x52 Src/main.o
 .debug_macro   0x000000000001080c       0x1f Src/main.o
 .debug_macro   0x000000000001082b       0x43 Src/main.o
 .debug_macro   0x000000000001086e       0x20 Src/main.o
 .debug_macro   0x000000000001088e      0x1a3 Src/main.o
 .debug_macro   0x0000000000010a31       0x10 Src/main.o
 .debug_macro   0x0000000000010a41       0x1c Src/main.o
 .debug_macro   0x0000000000010a5d       0x52 Src/main.o
 .debug_macro   0x0000000000010aaf       0x40 Src/main.o
 .debug_macro   0x0000000000010aef       0x10 Src/main.o
 .debug_macro   0x0000000000010aff       0x40 Src/main.o
 .debug_macro   0x0000000000010b3f       0xd7 Src/main.o
 .debug_macro   0x0000000000010c16       0x1c Src/main.o
 .debug_macro   0x0000000000010c32       0x3d Src/main.o
 .debug_macro   0x0000000000010c6f       0x16 Src/main.o
 .debug_macro   0x0000000000010c85      0x145 Src/main.o
 .debug_macro   0x0000000000010dca       0xbd Src/main.o
 .debug_macro   0x0000000000010e87       0xca Src/rcc.o
 .debug_macro   0x0000000000010f51      0x247 Src/syscalls.o
 .debug_macro   0x0000000000011198       0x40 Src/syscalls.o
 .debug_macro   0x00000000000111d8       0x94 Src/syscalls.o
 .debug_macro   0x000000000001126c       0x57 Src/syscalls.o
 .debug_macro   0x00000000000112c3      0x174 Src/syscalls.o
 .debug_macro   0x0000000000011437       0x10 Src/syscalls.o
 .debug_macro   0x0000000000011447       0x35 Src/syscalls.o
 .debug_macro   0x000000000001147c       0x10 Src/syscalls.o
 .debug_macro   0x000000000001148c       0x10 Src/syscalls.o
 .debug_macro   0x000000000001149c       0x35 Src/syscalls.o
 .debug_macro   0x00000000000114d1      0x122 Src/syscalls.o
 .debug_macro   0x00000000000115f3       0x16 Src/syscalls.o
 .debug_macro   0x0000000000011609       0x16 Src/syscalls.o
 .debug_macro   0x000000000001161f       0x29 Src/syscalls.o
 .debug_macro   0x0000000000011648       0x10 Src/syscalls.o
 .debug_macro   0x0000000000011658      0x241 Src/syscalls.o
 .debug_macro   0x0000000000011899       0x1c Src/syscalls.o
 .debug_macro   0x00000000000118b5       0x10 Src/syscalls.o
 .debug_macro   0x00000000000118c5      0x189 Src/syscalls.o
 .debug_macro   0x0000000000011a4e       0x16 Src/syscalls.o
 .debug_macro   0x0000000000011a64       0x88 Src/syscalls.o
 .debug_macro   0x0000000000011aec       0xee Src/sysmem.o
 .debug_macro   0x0000000000011bda      0x23b Src/sysmem.o
 .debug_macro   0x0000000000011e15       0xc8 Src/system_stm32f1xx.o
 .debug_macro   0x0000000000011edd       0xc6 Src/t_delay.o

.debug_line     0x0000000000000000     0x3332
 .debug_line    0x0000000000000000      0x515 Src/gpio.o
 .debug_line    0x0000000000000515      0x651 Src/i2c.o
 .debug_line    0x0000000000000b66      0x7c6 Src/main.o
 .debug_line    0x000000000000132c      0x545 Src/rcc.o
 .debug_line    0x0000000000001871      0x93a Src/syscalls.o
 .debug_line    0x00000000000021ab      0x5ea Src/sysmem.o
 .debug_line    0x0000000000002795      0x549 Src/system_stm32f1xx.o
 .debug_line    0x0000000000002cde      0x5d0 Src/t_delay.o
 .debug_line    0x00000000000032ae       0x84 Startup/startup_stm32f103c8tx.o

.debug_str      0x0000000000000000    0x599c0
 .debug_str     0x0000000000000000    0x53f7a Src/gpio.o
                                      0x541b1 (size before relaxing)
 .debug_str     0x0000000000053f7a      0x131 Src/i2c.o
                                      0x542b6 (size before relaxing)
 .debug_str     0x00000000000540ab     0x453f Src/main.o
                                      0x587c6 (size before relaxing)
 .debug_str     0x00000000000585ea       0x49 Src/rcc.o
                                      0x541da (size before relaxing)
 .debug_str     0x0000000000058633     0x11df Src/syscalls.o
                                       0x8878 (size before relaxing)
 .debug_str     0x0000000000059812       0x66 Src/sysmem.o
                                       0x5f46 (size before relaxing)
 .debug_str     0x0000000000059878       0x79 Src/system_stm32f1xx.o
                                      0x541e2 (size before relaxing)
 .debug_str     0x00000000000598f1       0x9e Src/t_delay.o
                                      0x54227 (size before relaxing)
 .debug_str     0x000000000005998f       0x31 Startup/startup_stm32f103c8tx.o
                                         0x73 (size before relaxing)

.comment        0x0000000000000000       0x7b
 .comment       0x0000000000000000       0x7b Src/gpio.o
                                         0x7c (size before relaxing)
 .comment       0x000000000000007b       0x7c Src/i2c.o
 .comment       0x000000000000007b       0x7c Src/main.o
 .comment       0x000000000000007b       0x7c Src/rcc.o
 .comment       0x000000000000007b       0x7c Src/syscalls.o
 .comment       0x000000000000007b       0x7c Src/sysmem.o
 .comment       0x000000000000007b       0x7c Src/system_stm32f1xx.o
 .comment       0x000000000000007b       0x7c Src/t_delay.o

.debug_frame    0x0000000000000000      0xcec
 .debug_frame   0x0000000000000000       0x30 Src/gpio.o
 .debug_frame   0x0000000000000030      0x1c4 Src/i2c.o
 .debug_frame   0x00000000000001f4       0x78 Src/main.o
 .debug_frame   0x000000000000026c       0x4c Src/rcc.o
 .debug_frame   0x00000000000002b8      0x2ac Src/syscalls.o
 .debug_frame   0x0000000000000564       0x34 Src/sysmem.o
 .debug_frame   0x0000000000000598       0x58 Src/system_stm32f1xx.o
 .debug_frame   0x00000000000005f0      0x10c Src/t_delay.o
 .debug_frame   0x00000000000006fc       0x20 c:/program files/stm32 sdk/stm32cube/stm32cubeide_1.5.0/stm32cubeide/plugins/com.st.stm32cube.ide.mcu.externaltools.gnu-tools-for-stm32.7-2018-q2-update.win32_1.5.0.202011040924/tools/bin/../lib/gcc/arm-none-eabi/7.3.1/../../../../arm-none-eabi/lib/thumb/v7-m\libc_nano.a(lib_a-errno.o)
 .debug_frame   0x000000000000071c       0x2c c:/program files/stm32 sdk/stm32cube/stm32cubeide_1.5.0/stm32cubeide/plugins/com.st.stm32cube.ide.mcu.externaltools.gnu-tools-for-stm32.7-2018-q2-update.win32_1.5.0.202011040924/tools/bin/../lib/gcc/arm-none-eabi/7.3.1/../../../../arm-none-eabi/lib/thumb/v7-m\libc_nano.a(lib_a-init.o)
 .debug_frame   0x0000000000000748       0x20 c:/program files/stm32 sdk/stm32cube/stm32cubeide_1.5.0/stm32cubeide/plugins/com.st.stm32cube.ide.mcu.externaltools.gnu-tools-for-stm32.7-2018-q2-update.win32_1.5.0.202011040924/tools/bin/../lib/gcc/arm-none-eabi/7.3.1/../../../../arm-none-eabi/lib/thumb/v7-m\libc_nano.a(lib_a-memset.o)
 .debug_frame   0x0000000000000768       0x3c c:/program files/stm32 sdk/stm32cube/stm32cubeide_1.5.0/stm32cubeide/plugins/com.st.stm32cube.ide.mcu.externaltools.gnu-tools-for-stm32.7-2018-q2-update.win32_1.5.0.202011040924/tools/bin/../lib/gcc/arm-none-eabi/7.3.1/../../../../arm-none-eabi/lib/thumb/v7-m\libc_nano.a(lib_a-puts.o)
 .debug_frame   0x00000000000007a4       0x40 c:/program files/stm32 sdk/stm32cube/stm32cubeide_1.5.0/stm32cubeide/plugins/com.st.stm32cube.ide.mcu.externaltools.gnu-tools-for-stm32.7-2018-q2-update.win32_1.5.0.202011040924/tools/bin/../lib/gcc/arm-none-eabi/7.3.1/../../../../arm-none-eabi/lib/thumb/v7-m\libc_nano.a(lib_a-wbuf.o)
 .debug_frame   0x00000000000007e4       0x2c c:/program files/stm32 sdk/stm32cube/stm32cubeide_1.5.0/stm32cubeide/plugins/com.st.stm32cube.ide.mcu.externaltools.gnu-tools-for-stm32.7-2018-q2-update.win32_1.5.0.202011040924/tools/bin/../lib/gcc/arm-none-eabi/7.3.1/../../../../arm-none-eabi/lib/thumb/v7-m\libc_nano.a(lib_a-wsetup.o)
 .debug_frame   0x0000000000000810       0x68 c:/program files/stm32 sdk/stm32cube/stm32cubeide_1.5.0/stm32cubeide/plugins/com.st.stm32cube.ide.mcu.externaltools.gnu-tools-for-stm32.7-2018-q2-update.win32_1.5.0.202011040924/tools/bin/../lib/gcc/arm-none-eabi/7.3.1/../../../../arm-none-eabi/lib/thumb/v7-m\libc_nano.a(lib_a-fflush.o)
 .debug_frame   0x0000000000000878      0x11c c:/program files/stm32 sdk/stm32cube/stm32cubeide_1.5.0/stm32cubeide/plugins/com.st.stm32cube.ide.mcu.externaltools.gnu-tools-for-stm32.7-2018-q2-update.win32_1.5.0.202011040924/tools/bin/../lib/gcc/arm-none-eabi/7.3.1/../../../../arm-none-eabi/lib/thumb/v7-m\libc_nano.a(lib_a-findfp.o)
 .debug_frame   0x0000000000000994       0x54 c:/program files/stm32 sdk/stm32cube/stm32cubeide_1.5.0/stm32cubeide/plugins/com.st.stm32cube.ide.mcu.externaltools.gnu-tools-for-stm32.7-2018-q2-update.win32_1.5.0.202011040924/tools/bin/../lib/gcc/arm-none-eabi/7.3.1/../../../../arm-none-eabi/lib/thumb/v7-m\libc_nano.a(lib_a-fwalk.o)
 .debug_frame   0x00000000000009e8       0x58 c:/program files/stm32 sdk/stm32cube/stm32cubeide_1.5.0/stm32cubeide/plugins/com.st.stm32cube.ide.mcu.externaltools.gnu-tools-for-stm32.7-2018-q2-update.win32_1.5.0.202011040924/tools/bin/../lib/gcc/arm-none-eabi/7.3.1/../../../../arm-none-eabi/lib/thumb/v7-m\libc_nano.a(lib_a-makebuf.o)
 .debug_frame   0x0000000000000a40       0x38 c:/program files/stm32 sdk/stm32cube/stm32cubeide_1.5.0/stm32cubeide/plugins/com.st.stm32cube.ide.mcu.externaltools.gnu-tools-for-stm32.7-2018-q2-update.win32_1.5.0.202011040924/tools/bin/../lib/gcc/arm-none-eabi/7.3.1/../../../../arm-none-eabi/lib/thumb/v7-m\libc_nano.a(lib_a-nano-freer.o)
 .debug_frame   0x0000000000000a78       0x2c c:/program files/stm32 sdk/stm32cube/stm32cubeide_1.5.0/stm32cubeide/plugins/com.st.stm32cube.ide.mcu.externaltools.gnu-tools-for-stm32.7-2018-q2-update.win32_1.5.0.202011040924/tools/bin/../lib/gcc/arm-none-eabi/7.3.1/../../../../arm-none-eabi/lib/thumb/v7-m\libc_nano.a(lib_a-nano-mallocr.o)
 .debug_frame   0x0000000000000aa4       0x2c c:/program files/stm32 sdk/stm32cube/stm32cubeide_1.5.0/stm32cubeide/plugins/com.st.stm32cube.ide.mcu.externaltools.gnu-tools-for-stm32.7-2018-q2-update.win32_1.5.0.202011040924/tools/bin/../lib/gcc/arm-none-eabi/7.3.1/../../../../arm-none-eabi/lib/thumb/v7-m\libc_nano.a(lib_a-sbrkr.o)
 .debug_frame   0x0000000000000ad0       0x88 c:/program files/stm32 sdk/stm32cube/stm32cubeide_1.5.0/stm32cubeide/plugins/com.st.stm32cube.ide.mcu.externaltools.gnu-tools-for-stm32.7-2018-q2-update.win32_1.5.0.202011040924/tools/bin/../lib/gcc/arm-none-eabi/7.3.1/../../../../arm-none-eabi/lib/thumb/v7-m\libc_nano.a(lib_a-stdio.o)
 .debug_frame   0x0000000000000b58       0x2c c:/program files/stm32 sdk/stm32cube/stm32cubeide_1.5.0/stm32cubeide/plugins/com.st.stm32cube.ide.mcu.externaltools.gnu-tools-for-stm32.7-2018-q2-update.win32_1.5.0.202011040924/tools/bin/../lib/gcc/arm-none-eabi/7.3.1/../../../../arm-none-eabi/lib/thumb/v7-m\libc_nano.a(lib_a-writer.o)
 .debug_frame   0x0000000000000b84       0x2c c:/program files/stm32 sdk/stm32cube/stm32cubeide_1.5.0/stm32cubeide/plugins/com.st.stm32cube.ide.mcu.externaltools.gnu-tools-for-stm32.7-2018-q2-update.win32_1.5.0.202011040924/tools/bin/../lib/gcc/arm-none-eabi/7.3.1/../../../../arm-none-eabi/lib/thumb/v7-m\libc_nano.a(lib_a-closer.o)
 .debug_frame   0x0000000000000bb0       0x2c c:/program files/stm32 sdk/stm32cube/stm32cubeide_1.5.0/stm32cubeide/plugins/com.st.stm32cube.ide.mcu.externaltools.gnu-tools-for-stm32.7-2018-q2-update.win32_1.5.0.202011040924/tools/bin/../lib/gcc/arm-none-eabi/7.3.1/../../../../arm-none-eabi/lib/thumb/v7-m\libc_nano.a(lib_a-fstatr.o)
 .debug_frame   0x0000000000000bdc       0x2c c:/program files/stm32 sdk/stm32cube/stm32cubeide_1.5.0/stm32cubeide/plugins/com.st.stm32cube.ide.mcu.externaltools.gnu-tools-for-stm32.7-2018-q2-update.win32_1.5.0.202011040924/tools/bin/../lib/gcc/arm-none-eabi/7.3.1/../../../../arm-none-eabi/lib/thumb/v7-m\libc_nano.a(lib_a-isattyr.o)
 .debug_frame   0x0000000000000c08       0x2c c:/program files/stm32 sdk/stm32cube/stm32cubeide_1.5.0/stm32cubeide/plugins/com.st.stm32cube.ide.mcu.externaltools.gnu-tools-for-stm32.7-2018-q2-update.win32_1.5.0.202011040924/tools/bin/../lib/gcc/arm-none-eabi/7.3.1/../../../../arm-none-eabi/lib/thumb/v7-m\libc_nano.a(lib_a-lseekr.o)
 .debug_frame   0x0000000000000c34       0x30 c:/program files/stm32 sdk/stm32cube/stm32cubeide_1.5.0/stm32cubeide/plugins/com.st.stm32cube.ide.mcu.externaltools.gnu-tools-for-stm32.7-2018-q2-update.win32_1.5.0.202011040924/tools/bin/../lib/gcc/arm-none-eabi/7.3.1/../../../../arm-none-eabi/lib/thumb/v7-m\libc_nano.a(lib_a-mlock.o)
 .debug_frame   0x0000000000000c64       0x2c c:/program files/stm32 sdk/stm32cube/stm32cubeide_1.5.0/stm32cubeide/plugins/com.st.stm32cube.ide.mcu.externaltools.gnu-tools-for-stm32.7-2018-q2-update.win32_1.5.0.202011040924/tools/bin/../lib/gcc/arm-none-eabi/7.3.1/../../../../arm-none-eabi/lib/thumb/v7-m\libc_nano.a(lib_a-readr.o)
 .debug_frame   0x0000000000000c90       0x5c c:/program files/stm32 sdk/stm32cube/stm32cubeide_1.5.0/stm32cubeide/plugins/com.st.stm32cube.ide.mcu.externaltools.gnu-tools-for-stm32.7-2018-q2-update.win32_1.5.0.202011040924/tools/bin/../lib/gcc/arm-none-eabi/7.3.1/../../../../arm-none-eabi/lib/thumb/v7-m\libc_nano.a(lib_a-reent.o)
