gb_lcd_i2c_pcf8574.c:16:6:GB_lcd_ioexander	16	static
gb_lcd_i2c_pcf8574.c:25:6:GB_pulse_enable	16	static
gb_lcd_i2c_pcf8574.c:33:6:GB_lcd_write4bit	16	static
gb_lcd_i2c_pcf8574.c:44:6:GB_LCD_command	24	static
gb_lcd_i2c_pcf8574.c:53:6:GB_lcd_setcursor	16	static
gb_lcd_i2c_pcf8574.c:60:6:GB_lcd_clear	8	static
gb_lcd_i2c_pcf8574.c:65:6:GB_lcd_Rethome	8	static
gb_lcd_i2c_pcf8574.c:75:6:GB_LCD_data	24	static
gb_lcd_i2c_pcf8574.c:87:6:GB_lcd_printint	24	static
gb_lcd_i2c_pcf8574.c:113:6:GB_lcd_printint_num	24	static
gb_lcd_i2c_pcf8574.c:138:6:GB_LCD_string	24	static
gb_lcd_i2c_pcf8574.c:148:6:GB_lcd_print1line	16	static
gb_lcd_i2c_pcf8574.c:153:6:GB_lcd_print2line	16	static
gb_lcd_i2c_pcf8574.c:159:6:GB_lcd_bit	24	static
gb_lcd_i2c_pcf8574.c:181:6:GB_setramaddr	16	static
gb_lcd_i2c_pcf8574.c:200:6:GB_LCD_sendpattern	24	static
gb_lcd_i2c_pcf8574.c:211:6:GB_LCD_printpattern	16	static
gb_lcd_i2c_pcf8574.c:216:7:GB_LCD_init	8	static
