core_cm3.h:1617:26:__NVIC_GetActive	16	static
GB_esp8266_Basic.c:26:6:USART2_IRQHandler	8	static
GB_esp8266_Basic.c:60:7:GB_getchar_UART2	16	static
GB_esp8266_Basic.c:78:5:GB_getstring_UART2	24	static
GB_esp8266_Basic.c:104:7:GB_search_buffer	24	static
GB_esp8266_Basic.c:113:6:GB_send_command	16	static
GB_esp8266_Basic.c:119:5:GB_RFR_UART2	32	static
GB_esp8266_Basic.c:152:5:GB_RFR_UART2_client	32	static
GB_esp8266_Basic.c:196:6:GB_esp8266_getmode	24	static
GB_esp8266_Basic.c:222:6:GB_esp8266_connectiontype	24	static
GB_esp8266_Basic.c:245:6:GB_esp8266_getAP	40	static
GB_esp8266_Basic.c:272:6:GB_esp8266_setAP	72	static
GB_esp8266_Basic.c:308:6:GB_esp8266_disconnect	16	static
GB_esp8266_Basic.c:317:6:GB_esp8266_IPadress	160	static
GB_esp8266_Basic.c:411:6:GB_esp8266_listAP	16	static
GB_esp8266_Basic.c:426:6:GB_esp8266_rst	16	static
GB_esp8266_Basic.c:434:6:GB_esp8266_initialise_client	8	static
