core_cm3.h:1617:26:__NVIC_GetActive	16	static
GB_esp8266_Basic.c:25:6:USART2_IRQHandler	8	static
GB_esp8266_Basic.c:59:7:GB_getchar_UART2	16	static
GB_esp8266_Basic.c:79:5:GB_getstring_UART2	24	static
GB_esp8266_Basic.c:95:7:GB_search_buffer	24	static
GB_esp8266_Basic.c:104:6:GB_send_command	16	static
GB_esp8266_Basic.c:110:5:GB_RFR_UART2	32	static
GB_esp8266_Basic.c:139:5:GB_RFR_UART2_client	32	static
GB_esp8266_Basic.c:176:6:GB_esp8266_getmode	24	static
GB_esp8266_Basic.c:202:6:GB_esp8266_connectiontype	24	static
GB_esp8266_Basic.c:225:6:GB_esp8266_getAP	40	static
GB_esp8266_Basic.c:252:6:GB_esp8266_setAP	72	static
GB_esp8266_Basic.c:288:6:GB_esp8266_disconnect	16	static
GB_esp8266_Basic.c:297:6:GB_esp8266_IPadress	160	static
GB_esp8266_Basic.c:391:6:GB_esp8266_listAP	16	static
GB_esp8266_Basic.c:406:6:GB_esp8266_rst	16	static
GB_esp8266_Basic.c:414:6:GB_esp8266_initialise_client	8	static
