GB_uart.c:13:6:GB_uart_pin_conf1	4	static
GB_uart.c:32:6:GB_uart_boud_rate1	4	static
GB_uart.c:44:6:GB_uart_init1	8	static
GB_uart.c:68:6:GB_UART_TxChar1	16	static
GB_uart.c:74:10:GB_UART_RxChar1	4	static
GB_uart.c:78:11:GB_UART_RxChar2	4	static
GB_uart.c:83:6:GB_printString1	16	static
GB_uart.c:90:6:GB_bit1	24	static
GB_uart.c:105:6:GB_decimel1	24	static
GB_uart.c:124:6:GB_uart_newline1	8	static
GB_uart.c:128:6:GB_uart_rec1	24	static
GB_uart.c:154:6:GB_uart_pin_conf2	4	static
GB_uart.c:173:6:GB_uart_boud_rate2	4	static
GB_uart.c:183:6:GB_uart_init2	8	static
GB_uart.c:207:6:GB_UART_TxChar2	16	static
GB_uart.c:214:6:GB_printString2	16	static
GB_uart.c:221:6:GB_bit2	24	static
GB_uart.c:236:6:GB_decimel2	24	static
GB_uart.c:255:6:GB_uart_newline2	8	static
GB_uart.c:259:6:GB_uart_rec2	24	static
